Archive member included to satisfy reference by file (symbol)

/home/alex/Ac6/SystemWorkbench/plugins/fr.ac6.mcu.externaltools.arm-none.linux64_1.15.0.201708311556/tools/compiler/bin/../lib/gcc/arm-none-eabi/6.3.1/thumb/v6-m/libgcc.a(_udivsi3.o)
                              Drivers/STM32L0xx_HAL_Driver/Src/stm32l0xx_hal.o (__aeabi_uidiv)
/home/alex/Ac6/SystemWorkbench/plugins/fr.ac6.mcu.externaltools.arm-none.linux64_1.15.0.201708311556/tools/compiler/bin/../lib/gcc/arm-none-eabi/6.3.1/thumb/v6-m/libgcc.a(_divsi3.o)
                              Src/main.o (__aeabi_idiv)
/home/alex/Ac6/SystemWorkbench/plugins/fr.ac6.mcu.externaltools.arm-none.linux64_1.15.0.201708311556/tools/compiler/bin/../lib/gcc/arm-none-eabi/6.3.1/thumb/v6-m/libgcc.a(_dvmd_tls.o)
                              /home/alex/Ac6/SystemWorkbench/plugins/fr.ac6.mcu.externaltools.arm-none.linux64_1.15.0.201708311556/tools/compiler/bin/../lib/gcc/arm-none-eabi/6.3.1/thumb/v6-m/libgcc.a(_udivsi3.o) (__aeabi_idiv0)
/home/alex/Ac6/SystemWorkbench/plugins/fr.ac6.mcu.externaltools.arm-none.linux64_1.15.0.201708311556/tools/compiler/bin/../lib/gcc/arm-none-eabi/6.3.1/thumb/v6-m/libgcc.a(_aeabi_uldivmod.o)
                              Drivers/STM32L0xx_HAL_Driver/Src/stm32l0xx_hal_uart.o (__aeabi_uldivmod)
/home/alex/Ac6/SystemWorkbench/plugins/fr.ac6.mcu.externaltools.arm-none.linux64_1.15.0.201708311556/tools/compiler/bin/../lib/gcc/arm-none-eabi/6.3.1/thumb/v6-m/libgcc.a(_udivmoddi4.o)
                              /home/alex/Ac6/SystemWorkbench/plugins/fr.ac6.mcu.externaltools.arm-none.linux64_1.15.0.201708311556/tools/compiler/bin/../lib/gcc/arm-none-eabi/6.3.1/thumb/v6-m/libgcc.a(_aeabi_uldivmod.o) (__udivmoddi4)
/home/alex/Ac6/SystemWorkbench/plugins/fr.ac6.mcu.externaltools.arm-none.linux64_1.15.0.201708311556/tools/compiler/bin/../lib/gcc/arm-none-eabi/6.3.1/thumb/v6-m/libgcc.a(_clzdi2.o)
                              /home/alex/Ac6/SystemWorkbench/plugins/fr.ac6.mcu.externaltools.arm-none.linux64_1.15.0.201708311556/tools/compiler/bin/../lib/gcc/arm-none-eabi/6.3.1/thumb/v6-m/libgcc.a(_udivmoddi4.o) (__clzdi2)
/home/alex/Ac6/SystemWorkbench/plugins/fr.ac6.mcu.externaltools.arm-none.linux64_1.15.0.201708311556/tools/compiler/bin/../lib/gcc/arm-none-eabi/6.3.1/thumb/v6-m/libgcc.a(_clzsi2.o)
                              /home/alex/Ac6/SystemWorkbench/plugins/fr.ac6.mcu.externaltools.arm-none.linux64_1.15.0.201708311556/tools/compiler/bin/../lib/gcc/arm-none-eabi/6.3.1/thumb/v6-m/libgcc.a(_clzdi2.o) (__clzsi2)
/home/alex/Ac6/SystemWorkbench/plugins/fr.ac6.mcu.externaltools.arm-none.linux64_1.15.0.201708311556/tools/compiler/bin/../lib/gcc/arm-none-eabi/6.3.1/../../../../arm-none-eabi/lib/thumb/v6-m/libc_nano.a(lib_a-exit.o)
                              /home/alex/Ac6/SystemWorkbench/plugins/fr.ac6.mcu.externaltools.arm-none.linux64_1.15.0.201708311556/tools/compiler/bin/../lib/gcc/arm-none-eabi/6.3.1/../../../../arm-none-eabi/lib/thumb/v6-m/crt0.o (exit)
/home/alex/Ac6/SystemWorkbench/plugins/fr.ac6.mcu.externaltools.arm-none.linux64_1.15.0.201708311556/tools/compiler/bin/../lib/gcc/arm-none-eabi/6.3.1/../../../../arm-none-eabi/lib/thumb/v6-m/libc_nano.a(lib_a-impure.o)
                              /home/alex/Ac6/SystemWorkbench/plugins/fr.ac6.mcu.externaltools.arm-none.linux64_1.15.0.201708311556/tools/compiler/bin/../lib/gcc/arm-none-eabi/6.3.1/../../../../arm-none-eabi/lib/thumb/v6-m/libc_nano.a(lib_a-exit.o) (_global_impure_ptr)
/home/alex/Ac6/SystemWorkbench/plugins/fr.ac6.mcu.externaltools.arm-none.linux64_1.15.0.201708311556/tools/compiler/bin/../lib/gcc/arm-none-eabi/6.3.1/../../../../arm-none-eabi/lib/thumb/v6-m/libc_nano.a(lib_a-init.o)
                              /home/alex/Ac6/SystemWorkbench/plugins/fr.ac6.mcu.externaltools.arm-none.linux64_1.15.0.201708311556/tools/compiler/bin/../lib/gcc/arm-none-eabi/6.3.1/../../../../arm-none-eabi/lib/thumb/v6-m/crt0.o (__libc_init_array)
/home/alex/Ac6/SystemWorkbench/plugins/fr.ac6.mcu.externaltools.arm-none.linux64_1.15.0.201708311556/tools/compiler/bin/../lib/gcc/arm-none-eabi/6.3.1/../../../../arm-none-eabi/lib/thumb/v6-m/libc_nano.a(lib_a-memset.o)
                              /home/alex/Ac6/SystemWorkbench/plugins/fr.ac6.mcu.externaltools.arm-none.linux64_1.15.0.201708311556/tools/compiler/bin/../lib/gcc/arm-none-eabi/6.3.1/../../../../arm-none-eabi/lib/thumb/v6-m/crt0.o (memset)
/home/alex/Ac6/SystemWorkbench/plugins/fr.ac6.mcu.externaltools.arm-none.linux64_1.15.0.201708311556/tools/compiler/bin/../lib/gcc/arm-none-eabi/6.3.1/../../../../arm-none-eabi/lib/thumb/v6-m/libnosys.a(_exit.o)
                              /home/alex/Ac6/SystemWorkbench/plugins/fr.ac6.mcu.externaltools.arm-none.linux64_1.15.0.201708311556/tools/compiler/bin/../lib/gcc/arm-none-eabi/6.3.1/../../../../arm-none-eabi/lib/thumb/v6-m/libc_nano.a(lib_a-exit.o) (_exit)

Allocating common symbols
Common symbol       size              file

j                   0x4               Src/main.o
[...]
Memory Configuration

Name             Origin             Length             Attributes
RAM              0x0000000020000000 0x0000000000000800 xrw
FLASH            0x0000000008000000 0x0000000000004000 xr
*default*        0x0000000000000000 0xffffffffffffffff

Linker script and memory map

LOAD /home/alex/Ac6/SystemWorkbench/plugins/fr.ac6.mcu.externaltools.arm-none.linux64_1.15.0.201708311556/tools/compiler/bin/../lib/gcc/arm-none-eabi/6.3.1/thumb/v6-m/crti.o
LOAD /home/alex/Ac6/SystemWorkbench/plugins/fr.ac6.mcu.externaltools.arm-none.linux64_1.15.0.201708311556/tools/compiler/bin/../lib/gcc/arm-none-eabi/6.3.1/thumb/v6-m/crtbegin.o
LOAD /home/alex/Ac6/SystemWorkbench/plugins/fr.ac6.mcu.externaltools.arm-none.linux64_1.15.0.201708311556/tools/compiler/bin/../lib/gcc/arm-none-eabi/6.3.1/../../../../arm-none-eabi/lib/thumb/v6-m/crt0.o
LOAD Drivers/STM32L0xx_HAL_Driver/Src/stm32l0xx_hal.o
LOAD Drivers/STM32L0xx_HAL_Driver/Src/stm32l0xx_hal_adc.o
LOAD Drivers/STM32L0xx_HAL_Driver/Src/stm32l0xx_hal_adc_ex.o
LOAD Drivers/STM32L0xx_HAL_Driver/Src/stm32l0xx_hal_cortex.o
LOAD Drivers/STM32L0xx_HAL_Driver/Src/stm32l0xx_hal_dma.o
LOAD Drivers/STM32L0xx_HAL_Driver/Src/stm32l0xx_hal_flash.o
LOAD Drivers/STM32L0xx_HAL_Driver/Src/stm32l0xx_hal_flash_ex.o
LOAD Drivers/STM32L0xx_HAL_Driver/Src/stm32l0xx_hal_flash_ramfunc.o
LOAD Drivers/STM32L0xx_HAL_Driver/Src/stm32l0xx_hal_gpio.o
LOAD Drivers/STM32L0xx_HAL_Driver/Src/stm32l0xx_hal_i2c.o
LOAD Drivers/STM32L0xx_HAL_Driver/Src/stm32l0xx_hal_i2c_ex.o
LOAD Drivers/STM32L0xx_HAL_Driver/Src/stm32l0xx_hal_lptim.o
LOAD Drivers/STM32L0xx_HAL_Driver/Src/stm32l0xx_hal_pwr.o
LOAD Drivers/STM32L0xx_HAL_Driver/Src/stm32l0xx_hal_pwr_ex.o
LOAD Drivers/STM32L0xx_HAL_Driver/Src/stm32l0xx_hal_rcc.o
LOAD Drivers/STM32L0xx_HAL_Driver/Src/stm32l0xx_hal_rcc_ex.o
LOAD Drivers/STM32L0xx_HAL_Driver/Src/stm32l0xx_hal_rtc.o
LOAD Drivers/STM32L0xx_HAL_Driver/Src/stm32l0xx_hal_rtc_ex.o
LOAD Drivers/STM32L0xx_HAL_Driver/Src/stm32l0xx_hal_tim.o
LOAD Drivers/STM32L0xx_HAL_Driver/Src/stm32l0xx_hal_tim_ex.o
LOAD Drivers/STM32L0xx_HAL_Driver/Src/stm32l0xx_hal_uart.o
LOAD Drivers/STM32L0xx_HAL_Driver/Src/stm32l0xx_hal_uart_ex.o
LOAD Src/adc.o
LOAD Src/communication.o
LOAD Src/gpio.o
LOAD Src/lptim.o
LOAD Src/main.o
LOAD Src/rtc.o
LOAD Src/stm32l0xx_hal_msp.o
LOAD Src/stm32l0xx_it.o
LOAD Src/system_stm32l0xx.o
LOAD Src/tim.o
LOAD Src/usart.o
LOAD startup/startup_stm32l011xx.o
LOAD /home/alex/Ac6/SystemWorkbench/plugins/fr.ac6.mcu.externaltools.arm-none.linux64_1.15.0.201708311556/tools/compiler/bin/../lib/gcc/arm-none-eabi/6.3.1/../../../../arm-none-eabi/lib/thumb/v6-m/libm.a
START GROUP
LOAD /home/alex/Ac6/SystemWorkbench/plugins/fr.ac6.mcu.externaltools.arm-none.linux64_1.15.0.201708311556/tools/compiler/bin/../lib/gcc/arm-none-eabi/6.3.1/thumb/v6-m/libgcc.a
LOAD /home/alex/Ac6/SystemWorkbench/plugins/fr.ac6.mcu.externaltools.arm-none.linux64_1.15.0.201708311556/tools/compiler/bin/../lib/gcc/arm-none-eabi/6.3.1/../../../../arm-none-eabi/lib/thumb/v6-m/libc_nano.a
END GROUP
START GROUP
LOAD /home/alex/Ac6/SystemWorkbench/plugins/fr.ac6.mcu.externaltools.arm-none.linux64_1.15.0.201708311556/tools/compiler/bin/../lib/gcc/arm-none-eabi/6.3.1/thumb/v6-m/libgcc.a
LOAD /home/alex/Ac6/SystemWorkbench/plugins/fr.ac6.mcu.externaltools.arm-none.linux64_1.15.0.201708311556/tools/compiler/bin/../lib/gcc/arm-none-eabi/6.3.1/../../../../arm-none-eabi/lib/thumb/v6-m/libc_nano.a
LOAD /home/alex/Ac6/SystemWorkbench/plugins/fr.ac6.mcu.externaltools.arm-none.linux64_1.15.0.201708311556/tools/compiler/bin/../lib/gcc/arm-none-eabi/6.3.1/../../../../arm-none-eabi/lib/thumb/v6-m/libnosys.a
END GROUP
START GROUP
LOAD /home/alex/Ac6/SystemWorkbench/plugins/fr.ac6.mcu.externaltools.arm-none.linux64_1.15.0.201708311556/tools/compiler/bin/../lib/gcc/arm-none-eabi/6.3.1/thumb/v6-m/libgcc.a
LOAD /home/alex/Ac6/SystemWorkbench/plugins/fr.ac6.mcu.externaltools.arm-none.linux64_1.15.0.201708311556/tools/compiler/bin/../lib/gcc/arm-none-eabi/6.3.1/../../../../arm-none-eabi/lib/thumb/v6-m/libc_nano.a
LOAD /home/alex/Ac6/SystemWorkbench/plugins/fr.ac6.mcu.externaltools.arm-none.linux64_1.15.0.201708311556/tools/compiler/bin/../lib/gcc/arm-none-eabi/6.3.1/../../../../arm-none-eabi/lib/thumb/v6-m/libnosys.a
END GROUP
LOAD /home/alex/Ac6/SystemWorkbench/plugins/fr.ac6.mcu.externaltools.arm-none.linux64_1.15.0.201708311556/tools/compiler/bin/../lib/gcc/arm-none-eabi/6.3.1/thumb/v6-m/crtend.o
LOAD /home/alex/Ac6/SystemWorkbench/plugins/fr.ac6.mcu.externaltools.arm-none.linux64_1.15.0.201708311556/tools/compiler/bin/../lib/gcc/arm-none-eabi/6.3.1/thumb/v6-m/crtn.o
                0x0000000020000800                _estack = 0x20000800
                0x0000000000000200                _Min_Heap_Size = 0x200
                0x0000000000000200                _Min_Stack_Size = 0x200

.isr_vector     0x0000000008000000       0xc0
                0x0000000008000000                . = ALIGN (0x4)
 *(.isr_vector)
 .isr_vector    0x0000000008000000       0xc0 startup/startup_stm32l011xx.o
                0x0000000008000000                g_pfnVectors
                0x00000000080000c0                . = ALIGN (0x4)

.text           0x00000000080000c0     0x3170
                0x00000000080000c0                . = ALIGN (0x4)
 *(.text)
 .text          0x00000000080000c0       0x60 /home/alex/Ac6/SystemWorkbench/plugins/fr.ac6.mcu.externaltools.arm-none.linux64_1.15.0.201708311556/tools/compiler/bin/../lib/gcc/arm-none-eabi/6.3.1/thumb/v6-m/crtbegin.o
 .text          0x0000000008000120      0x114 /home/alex/Ac6/SystemWorkbench/plugins/fr.ac6.mcu.externaltools.arm-none.linux64_1.15.0.201708311556/tools/compiler/bin/../lib/gcc/arm-none-eabi/6.3.1/thumb/v6-m/libgcc.a(_udivsi3.o)
                0x0000000008000120                __udivsi3
                0x0000000008000120                __aeabi_uidiv
                0x000000000800022c                __aeabi_uidivmod
 .text          0x0000000008000234      0x1d4 /home/alex/Ac6/SystemWorkbench/plugins/fr.ac6.mcu.externaltools.arm-none.linux64_1.15.0.201708311556/tools/compiler/bin/../lib/gcc/arm-none-eabi/6.3.1/thumb/v6-m/libgcc.a(_divsi3.o)
                0x0000000008000234                __aeabi_idiv
                0x0000000008000234                __divsi3
                0x0000000008000400                __aeabi_idivmod
 .text          0x0000000008000408        0x4 /home/alex/Ac6/SystemWorkbench/plugins/fr.ac6.mcu.externaltools.arm-none.linux64_1.15.0.201708311556/tools/compiler/bin/../lib/gcc/arm-none-eabi/6.3.1/thumb/v6-m/libgcc.a(_dvmd_tls.o)
                0x0000000008000408                __aeabi_ldiv0
                0x0000000008000408                __aeabi_idiv0
 .text          0x000000000800040c       0x40 /home/alex/Ac6/SystemWorkbench/plugins/fr.ac6.mcu.externaltools.arm-none.linux64_1.15.0.201708311556/tools/compiler/bin/../lib/gcc/arm-none-eabi/6.3.1/thumb/v6-m/libgcc.a(_aeabi_uldivmod.o)
                0x000000000800040c                __aeabi_uldivmod
 .text          0x000000000800044c      0x180 /home/alex/Ac6/SystemWorkbench/plugins/fr.ac6.mcu.externaltools.arm-none.linux64_1.15.0.201708311556/tools/compiler/bin/../lib/gcc/arm-none-eabi/6.3.1/thumb/v6-m/libgcc.a(_udivmoddi4.o)
                0x000000000800044c                __udivmoddi4
 .text          0x00000000080005cc       0x18 /home/alex/Ac6/SystemWorkbench/plugins/fr.ac6.mcu.externaltools.arm-none.linux64_1.15.0.201708311556/tools/compiler/bin/../lib/gcc/arm-none-eabi/6.3.1/thumb/v6-m/libgcc.a(_clzdi2.o)
                0x00000000080005cc                __clzdi2
 .text          0x00000000080005e4       0x3c /home/alex/Ac6/SystemWorkbench/plugins/fr.ac6.mcu.externaltools.arm-none.linux64_1.15.0.201708311556/tools/compiler/bin/../lib/gcc/arm-none-eabi/6.3.1/thumb/v6-m/libgcc.a(_clzsi2.o)
                0x00000000080005e4                __clzsi2
 *(.text*)
 .text.HAL_InitTick
                0x0000000008000620       0x28 Drivers/STM32L0xx_HAL_Driver/Src/stm32l0xx_hal.o
                0x0000000008000620                HAL_InitTick
 .text.HAL_Init
                0x0000000008000648       0x20 Drivers/STM32L0xx_HAL_Driver/Src/stm32l0xx_hal.o
                0x0000000008000648                HAL_Init
 .text.HAL_IncTick
                0x0000000008000668       0x10 Drivers/STM32L0xx_HAL_Driver/Src/stm32l0xx_hal.o
                0x0000000008000668                HAL_IncTick
 .text.HAL_GetTick
                0x0000000008000678        0xc Drivers/STM32L0xx_HAL_Driver/Src/stm32l0xx_hal.o
                0x0000000008000678                HAL_GetTick
 .text.HAL_SYSCFG_VREFINT_OutputSelect
                0x0000000008000684       0x18 Drivers/STM32L0xx_HAL_Driver/Src/stm32l0xx_hal.o
                0x0000000008000684                HAL_SYSCFG_VREFINT_OutputSelect
 .text.ADC_DelayMicroSecond
                0x000000000800069c       0x30 Drivers/STM32L0xx_HAL_Driver/Src/stm32l0xx_hal_adc.o
 .text.ADC_Enable
                0x00000000080006cc       0x88 Drivers/STM32L0xx_HAL_Driver/Src/stm32l0xx_hal_adc.o
 .text.HAL_ADC_Init
                0x0000000008000754      0x1ec Drivers/STM32L0xx_HAL_Driver/Src/stm32l0xx_hal_adc.o
                0x0000000008000754                HAL_ADC_Init
 .text.HAL_ADC_Start_IT
                0x0000000008000940       0x88 Drivers/STM32L0xx_HAL_Driver/Src/stm32l0xx_hal_adc.o
                0x0000000008000940                HAL_ADC_Start_IT
 .text.HAL_ADC_GetValue
                0x00000000080009c8        0x6 Drivers/STM32L0xx_HAL_Driver/Src/stm32l0xx_hal_adc.o
                0x00000000080009c8                HAL_ADC_GetValue
 .text.HAL_ADC_LevelOutOfWindowCallback
                0x00000000080009ce        0x2 Drivers/STM32L0xx_HAL_Driver/Src/stm32l0xx_hal_adc.o
                0x00000000080009ce                HAL_ADC_LevelOutOfWindowCallback
 .text.HAL_ADC_ErrorCallback
                0x00000000080009d0        0x2 Drivers/STM32L0xx_HAL_Driver/Src/stm32l0xx_hal_adc.o
                0x00000000080009d0                HAL_ADC_ErrorCallback
 *fill*         0x00000000080009d2        0x2 
 .text.HAL_ADC_IRQHandler
                0x00000000080009d4       0xe4 Drivers/STM32L0xx_HAL_Driver/Src/stm32l0xx_hal_adc.o
                0x00000000080009d4                HAL_ADC_IRQHandler
 .text.HAL_ADC_ConfigChannel
                0x0000000008000ab8       0xbc Drivers/STM32L0xx_HAL_Driver/Src/stm32l0xx_hal_adc.o
                0x0000000008000ab8                HAL_ADC_ConfigChannel
 .text.HAL_NVIC_SetPriority
                0x0000000008000b74       0x64 Drivers/STM32L0xx_HAL_Driver/Src/stm32l0xx_hal_cortex.o
                0x0000000008000b74                HAL_NVIC_SetPriority
 .text.HAL_NVIC_EnableIRQ
                0x0000000008000bd8       0x14 Drivers/STM32L0xx_HAL_Driver/Src/stm32l0xx_hal_cortex.o
                0x0000000008000bd8                HAL_NVIC_EnableIRQ
 .text.HAL_SYSTICK_Config
                0x0000000008000bec       0x38 Drivers/STM32L0xx_HAL_Driver/Src/stm32l0xx_hal_cortex.o
                0x0000000008000bec                HAL_SYSTICK_Config
 .text.HAL_SYSTICK_CLKSourceConfig
                0x0000000008000c24       0x20 Drivers/STM32L0xx_HAL_Driver/Src/stm32l0xx_hal_cortex.o
                0x0000000008000c24                HAL_SYSTICK_CLKSourceConfig
 .text.HAL_SYSTICK_Callback
                0x0000000008000c44        0x2 Drivers/STM32L0xx_HAL_Driver/Src/stm32l0xx_hal_cortex.o
                0x0000000008000c44                HAL_SYSTICK_Callback
 .text.HAL_SYSTICK_IRQHandler
                0x0000000008000c46        0x8 Drivers/STM32L0xx_HAL_Driver/Src/stm32l0xx_hal_cortex.o
                0x0000000008000c46                HAL_SYSTICK_IRQHandler
 *fill*         0x0000000008000c4e        0x2 
 .text.HAL_DMA_Abort_IT
                0x0000000008000c50       0x8c Drivers/STM32L0xx_HAL_Driver/Src/stm32l0xx_hal_dma.o
                0x0000000008000c50                HAL_DMA_Abort_IT
 .text.HAL_GPIO_Init
                0x0000000008000cdc      0x17c Drivers/STM32L0xx_HAL_Driver/Src/stm32l0xx_hal_gpio.o
                0x0000000008000cdc                HAL_GPIO_Init
 .text.HAL_GPIO_WritePin
                0x0000000008000e58        0xc Drivers/STM32L0xx_HAL_Driver/Src/stm32l0xx_hal_gpio.o
                0x0000000008000e58                HAL_GPIO_WritePin
 .text.HAL_LPTIM_Init
                0x0000000008000e64       0x8c Drivers/STM32L0xx_HAL_Driver/Src/stm32l0xx_hal_lptim.o
                0x0000000008000e64                HAL_LPTIM_Init
 .text.HAL_LPTIM_TimeOut_Start_IT
                0x0000000008000ef0       0x54 Drivers/STM32L0xx_HAL_Driver/Src/stm32l0xx_hal_lptim.o
                0x0000000008000ef0                HAL_LPTIM_TimeOut_Start_IT
 .text.HAL_LPTIM_AutoReloadMatchCallback
                0x0000000008000f44        0x2 Drivers/STM32L0xx_HAL_Driver/Src/stm32l0xx_hal_lptim.o
                0x0000000008000f44                HAL_LPTIM_AutoReloadMatchCallback
 .text.HAL_LPTIM_TriggerCallback
                0x0000000008000f46        0x2 Drivers/STM32L0xx_HAL_Driver/Src/stm32l0xx_hal_lptim.o
                0x0000000008000f46                HAL_LPTIM_TriggerCallback
 .text.HAL_LPTIM_CompareWriteCallback
                0x0000000008000f48        0x2 Drivers/STM32L0xx_HAL_Driver/Src/stm32l0xx_hal_lptim.o
                0x0000000008000f48                HAL_LPTIM_CompareWriteCallback
 .text.HAL_LPTIM_AutoReloadWriteCallback
                0x0000000008000f4a        0x2 Drivers/STM32L0xx_HAL_Driver/Src/stm32l0xx_hal_lptim.o
                0x0000000008000f4a                HAL_LPTIM_AutoReloadWriteCallback
 .text.HAL_LPTIM_DirectionUpCallback
                0x0000000008000f4c        0x2 Drivers/STM32L0xx_HAL_Driver/Src/stm32l0xx_hal_lptim.o
                0x0000000008000f4c                HAL_LPTIM_DirectionUpCallback
 .text.HAL_LPTIM_DirectionDownCallback
                0x0000000008000f4e        0x2 Drivers/STM32L0xx_HAL_Driver/Src/stm32l0xx_hal_lptim.o
                0x0000000008000f4e                HAL_LPTIM_DirectionDownCallback
 .text.HAL_LPTIM_IRQHandler
                0x0000000008000f50       0xc8 Drivers/STM32L0xx_HAL_Driver/Src/stm32l0xx_hal_lptim.o
                0x0000000008000f50                HAL_LPTIM_IRQHandler
 .text.RCC_SetFlashLatencyFromMSIRange
                0x0000000008001018       0x80 Drivers/STM32L0xx_HAL_Driver/Src/stm32l0xx_hal_rcc.o
 .text.HAL_RCC_OscConfig
                0x0000000008001098      0x4f8 Drivers/STM32L0xx_HAL_Driver/Src/stm32l0xx_hal_rcc.o
                0x0000000008001098                HAL_RCC_OscConfig
 .text.HAL_RCC_GetSysClockFreq
                0x0000000008001590       0x94 Drivers/STM32L0xx_HAL_Driver/Src/stm32l0xx_hal_rcc.o
                0x0000000008001590                HAL_RCC_GetSysClockFreq
 .text.HAL_RCC_ClockConfig
                0x0000000008001624      0x1a0 Drivers/STM32L0xx_HAL_Driver/Src/stm32l0xx_hal_rcc.o
                0x0000000008001624                HAL_RCC_ClockConfig
 .text.HAL_RCC_GetHCLKFreq
                0x00000000080017c4        0xc Drivers/STM32L0xx_HAL_Driver/Src/stm32l0xx_hal_rcc.o
                0x00000000080017c4                HAL_RCC_GetHCLKFreq
 .text.HAL_RCC_GetPCLK1Freq
                0x00000000080017d0       0x20 Drivers/STM32L0xx_HAL_Driver/Src/stm32l0xx_hal_rcc.o
                0x00000000080017d0                HAL_RCC_GetPCLK1Freq
 .text.HAL_RCC_GetPCLK2Freq
                0x00000000080017f0       0x20 Drivers/STM32L0xx_HAL_Driver/Src/stm32l0xx_hal_rcc.o
                0x00000000080017f0                HAL_RCC_GetPCLK2Freq
 .text.HAL_RCCEx_PeriphCLKConfig
                0x0000000008001810      0x1a0 Drivers/STM32L0xx_HAL_Driver/Src/stm32l0xx_hal_rcc_ex.o
                0x0000000008001810                HAL_RCCEx_PeriphCLKConfig
 .text.HAL_RCCEx_GetPeriphCLKFreq
                0x00000000080019b0      0x184 Drivers/STM32L0xx_HAL_Driver/Src/stm32l0xx_hal_rcc_ex.o
                0x00000000080019b0                HAL_RCCEx_GetPeriphCLKFreq
 .text.TIM_Base_SetConfig
                0x0000000008001b34       0x64 Drivers/STM32L0xx_HAL_Driver/Src/stm32l0xx_hal_tim.o
 .text.TIM_OC1_SetConfig
                0x0000000008001b98       0x2c Drivers/STM32L0xx_HAL_Driver/Src/stm32l0xx_hal_tim.o
 .text.TIM_OC2_SetConfig
                0x0000000008001bc4       0x34 Drivers/STM32L0xx_HAL_Driver/Src/stm32l0xx_hal_tim.o
 .text.TIM_OC3_SetConfig
                0x0000000008001bf8       0x38 Drivers/STM32L0xx_HAL_Driver/Src/stm32l0xx_hal_tim.o
 .text.TIM_OC4_SetConfig
                0x0000000008001c30       0x3c Drivers/STM32L0xx_HAL_Driver/Src/stm32l0xx_hal_tim.o
 .text.TIM_CCxChannelCmd
                0x0000000008001c6c       0x16 Drivers/STM32L0xx_HAL_Driver/Src/stm32l0xx_hal_tim.o
 .text.HAL_TIM_PWM_Init
                0x0000000008001c82       0x34 Drivers/STM32L0xx_HAL_Driver/Src/stm32l0xx_hal_tim.o
                0x0000000008001c82                HAL_TIM_PWM_Init
 .text.HAL_TIM_PWM_Start
                0x0000000008001cb6       0x1a Drivers/STM32L0xx_HAL_Driver/Src/stm32l0xx_hal_tim.o
                0x0000000008001cb6                HAL_TIM_PWM_Start
 .text.HAL_TIM_PWM_ConfigChannel
                0x0000000008001cd0       0xec Drivers/STM32L0xx_HAL_Driver/Src/stm32l0xx_hal_tim.o
                0x0000000008001cd0                HAL_TIM_PWM_ConfigChannel
 .text.HAL_TIMEx_MasterConfigSynchronization
                0x0000000008001dbc       0x4c Drivers/STM32L0xx_HAL_Driver/Src/stm32l0xx_hal_tim_ex.o
                0x0000000008001dbc                HAL_TIMEx_MasterConfigSynchronization
 .text.UART_EndRxTransfer
                0x0000000008001e08       0x24 Drivers/STM32L0xx_HAL_Driver/Src/stm32l0xx_hal_uart.o
 .text.UART_Transmit_IT
                0x0000000008001e2c       0x6c Drivers/STM32L0xx_HAL_Driver/Src/stm32l0xx_hal_uart.o
 .text.HAL_UART_Receive_IT
                0x0000000008001e98       0xd4 Drivers/STM32L0xx_HAL_Driver/Src/stm32l0xx_hal_uart.o
                0x0000000008001e98                HAL_UART_Receive_IT
 .text.HAL_UART_TxCpltCallback
                0x0000000008001f6c        0x2 Drivers/STM32L0xx_HAL_Driver/Src/stm32l0xx_hal_uart.o
                0x0000000008001f6c                HAL_UART_TxCpltCallback
 .text.UART_EndTransmit_IT
                0x0000000008001f6e       0x1a Drivers/STM32L0xx_HAL_Driver/Src/stm32l0xx_hal_uart.o
 .text.UART_Receive_IT
                0x0000000008001f88       0x88 Drivers/STM32L0xx_HAL_Driver/Src/stm32l0xx_hal_uart.o
 .text.HAL_UART_ErrorCallback
                0x0000000008002010        0x2 Drivers/STM32L0xx_HAL_Driver/Src/stm32l0xx_hal_uart.o
                0x0000000008002010                HAL_UART_ErrorCallback
 *fill*         0x0000000008002012        0x2 
 .text.HAL_UART_IRQHandler
                0x0000000008002014      0x144 Drivers/STM32L0xx_HAL_Driver/Src/stm32l0xx_hal_uart.o
                0x0000000008002014                HAL_UART_IRQHandler
 .text.UART_DMAAbortOnError
                0x0000000008002158       0x14 Drivers/STM32L0xx_HAL_Driver/Src/stm32l0xx_hal_uart.o
 .text.UART_SetConfig
                0x000000000800216c      0x2fc Drivers/STM32L0xx_HAL_Driver/Src/stm32l0xx_hal_uart.o
                0x000000000800216c                UART_SetConfig
 .text.UART_AdvFeatureConfig
                0x0000000008002468       0xe0 Drivers/STM32L0xx_HAL_Driver/Src/stm32l0xx_hal_uart.o
                0x0000000008002468                UART_AdvFeatureConfig
 .text.UART_WaitOnFlagUntilTimeout
                0x0000000008002548       0x6c Drivers/STM32L0xx_HAL_Driver/Src/stm32l0xx_hal_uart.o
                0x0000000008002548                UART_WaitOnFlagUntilTimeout
 .text.HAL_UART_Transmit
                0x00000000080025b4       0xe2 Drivers/STM32L0xx_HAL_Driver/Src/stm32l0xx_hal_uart.o
                0x00000000080025b4                HAL_UART_Transmit
 *fill*         0x0000000008002696        0x2 
 .text.UART_CheckIdleState
                0x0000000008002698       0x70 Drivers/STM32L0xx_HAL_Driver/Src/stm32l0xx_hal_uart.o
                0x0000000008002698                UART_CheckIdleState
 .text.HAL_UART_Init
                0x0000000008002708       0x70 Drivers/STM32L0xx_HAL_Driver/Src/stm32l0xx_hal_uart.o
                0x0000000008002708                HAL_UART_Init
 .text.HAL_UARTEx_WakeupCallback
                0x0000000008002778        0x2 Drivers/STM32L0xx_HAL_Driver/Src/stm32l0xx_hal_uart_ex.o
                0x0000000008002778                HAL_UARTEx_WakeupCallback
 *fill*         0x000000000800277a        0x2 
 .text.MX_ADC_Init
                0x000000000800277c       0xc0 Src/adc.o
                0x000000000800277c                MX_ADC_Init
 .text.HAL_ADC_MspInit
                0x000000000800283c       0x4c Src/adc.o
                0x000000000800283c                HAL_ADC_MspInit
 .text.MX_GPIO_Init
                0x0000000008002888       0x64 Src/gpio.o
                0x0000000008002888                MX_GPIO_Init
 .text.MX_LPTIM1_Init
                0x00000000080028ec       0x40 Src/lptim.o
                0x00000000080028ec                MX_LPTIM1_Init
 .text.HAL_LPTIM_MspInit
                0x000000000800292c       0x54 Src/lptim.o
                0x000000000800292c                HAL_LPTIM_MspInit
 .text.HAL_ADC_ConvCpltCallback
                0x0000000008002980       0xa8 Src/main.o
                0x0000000008002980                HAL_ADC_ConvCpltCallback
 .text.HAL_LPTIM_CompareMatchCallback
                0x0000000008002a28       0x1c Src/main.o
                0x0000000008002a28                HAL_LPTIM_CompareMatchCallback
 .text.HAL_UART_RxCpltCallback
                0x0000000008002a44       0xbc Src/main.o
                0x0000000008002a44                HAL_UART_RxCpltCallback
 .text.Calculate_CRC
                0x0000000008002b00        0x4 Src/main.o
                0x0000000008002b00                Calculate_CRC
 .text.Send_Updated_Packet
                0x0000000008002b04       0x84 Src/main.o
                0x0000000008002b04                Send_Updated_Packet
 .text._Error_Handler
                0x0000000008002b88        0x2 Src/main.o
                0x0000000008002b88                _Error_Handler
 *fill*         0x0000000008002b8a        0x2 
 .text.SystemClock_Config
                0x0000000008002b8c       0xc8 Src/main.o
                0x0000000008002b8c                SystemClock_Config
 .text.main     0x0000000008002c54      0x1e8 Src/main.o
                0x0000000008002c54                main
 .text.HAL_MspInit
                0x0000000008002e3c       0x48 Src/stm32l0xx_hal_msp.o
                0x0000000008002e3c                HAL_MspInit
 .text.NMI_Handler
                0x0000000008002e84        0x2 Src/stm32l0xx_it.o
                0x0000000008002e84                NMI_Handler
 .text.HardFault_Handler
                0x0000000008002e86        0x2 Src/stm32l0xx_it.o
                0x0000000008002e86                HardFault_Handler
 .text.SVC_Handler
                0x0000000008002e88        0x2 Src/stm32l0xx_it.o
                0x0000000008002e88                SVC_Handler
 .text.PendSV_Handler
                0x0000000008002e8a        0x2 Src/stm32l0xx_it.o
                0x0000000008002e8a                PendSV_Handler
 .text.SysTick_Handler
                0x0000000008002e8c        0xc Src/stm32l0xx_it.o
                0x0000000008002e8c                SysTick_Handler
 .text.ADC1_COMP_IRQHandler
                0x0000000008002e98       0x10 Src/stm32l0xx_it.o
                0x0000000008002e98                ADC1_COMP_IRQHandler
 .text.LPTIM1_IRQHandler
                0x0000000008002ea8       0x10 Src/stm32l0xx_it.o
                0x0000000008002ea8                LPTIM1_IRQHandler
 .text.USART2_IRQHandler
                0x0000000008002eb8       0x10 Src/stm32l0xx_it.o
                0x0000000008002eb8                USART2_IRQHandler
 .text.LPUART1_IRQHandler
                0x0000000008002ec8       0x10 Src/stm32l0xx_it.o
                0x0000000008002ec8                LPUART1_IRQHandler
 .text.SystemInit
                0x0000000008002ed8       0x5c Src/system_stm32l0xx.o
                0x0000000008002ed8                SystemInit
 .text.HAL_TIM_PWM_MspInit
                0x0000000008002f34       0x1c Src/tim.o
                0x0000000008002f34                HAL_TIM_PWM_MspInit
 .text.HAL_TIM_MspPostInit
                0x0000000008002f50       0x30 Src/tim.o
                0x0000000008002f50                HAL_TIM_MspPostInit
 .text.MX_TIM2_Init
                0x0000000008002f80       0x80 Src/tim.o
                0x0000000008002f80                MX_TIM2_Init
 .text.TIM2_CH2_PWM_Setvalue
                0x0000000008003000       0x2c Src/tim.o
                0x0000000008003000                TIM2_CH2_PWM_Setvalue
 .text.MX_LPUART1_UART_Init
                0x000000000800302c       0x40 Src/usart.o
                0x000000000800302c                MX_LPUART1_UART_Init
 .text.MX_USART2_UART_Init
                0x000000000800306c       0x44 Src/usart.o
                0x000000000800306c                MX_USART2_UART_Init
 .text.HAL_UART_MspInit
                0x00000000080030b0       0x9c Src/usart.o
                0x00000000080030b0                HAL_UART_MspInit
 .text.Reset_Handler
                0x000000000800314c       0x80 startup/startup_stm32l011xx.o
                0x000000000800314c                Reset_Handler
 .text.Default_Handler
                0x00000000080031cc        0x2 startup/startup_stm32l011xx.o
                0x00000000080031cc                PVD_IRQHandler
                0x00000000080031cc                I2C1_IRQHandler
                0x00000000080031cc                SPI1_IRQHandler
                0x00000000080031cc                EXTI2_3_IRQHandler
                0x00000000080031cc                RTC_IRQHandler
                0x00000000080031cc                DMA1_Channel4_5_6_7_IRQHandler
                0x00000000080031cc                EXTI4_15_IRQHandler
                0x00000000080031cc                RCC_IRQHandler
                0x00000000080031cc                DMA1_Channel1_IRQHandler
                0x00000000080031cc                Default_Handler
                0x00000000080031cc                EXTI0_1_IRQHandler
                0x00000000080031cc                TIM21_IRQHandler
                0x00000000080031cc                WWDG_IRQHandler
                0x00000000080031cc                TIM2_IRQHandler
                0x00000000080031cc                DMA1_Channel2_3_IRQHandler
                0x00000000080031cc                FLASH_IRQHandler
 *fill*         0x00000000080031ce        0x2 
 .text.__libc_init_array
                0x00000000080031d0       0x48 /home/alex/Ac6/SystemWorkbench/plugins/fr.ac6.mcu.externaltools.arm-none.linux64_1.15.0.201708311556/tools/compiler/bin/../lib/gcc/arm-none-eabi/6.3.1/../../../../arm-none-eabi/lib/thumb/v6-m/libc_nano.a(lib_a-init.o)
                0x00000000080031d0                __libc_init_array
 *(.glue_7)
 .glue_7        0x0000000008003218        0x0 linker stubs
 *(.glue_7t)
 .glue_7t       0x0000000008003218        0x0 linker stubs
 *(.eh_frame)
 .eh_frame      0x0000000008003218        0x0 /home/alex/Ac6/SystemWorkbench/plugins/fr.ac6.mcu.externaltools.arm-none.linux64_1.15.0.201708311556/tools/compiler/bin/../lib/gcc/arm-none-eabi/6.3.1/thumb/v6-m/crtbegin.o
 *(.init)
 .init          0x0000000008003218        0x4 /home/alex/Ac6/SystemWorkbench/plugins/fr.ac6.mcu.externaltools.arm-none.linux64_1.15.0.201708311556/tools/compiler/bin/../lib/gcc/arm-none-eabi/6.3.1/thumb/v6-m/crti.o
                0x0000000008003218                _init
 .init          0x000000000800321c        0x8 /home/alex/Ac6/SystemWorkbench/plugins/fr.ac6.mcu.externaltools.arm-none.linux64_1.15.0.201708311556/tools/compiler/bin/../lib/gcc/arm-none-eabi/6.3.1/thumb/v6-m/crtn.o
 *(.fini)
 .fini          0x0000000008003224        0x4 /home/alex/Ac6/SystemWorkbench/plugins/fr.ac6.mcu.externaltools.arm-none.linux64_1.15.0.201708311556/tools/compiler/bin/../lib/gcc/arm-none-eabi/6.3.1/thumb/v6-m/crti.o
                0x0000000008003224                _fini
 .fini          0x0000000008003228        0x8 /home/alex/Ac6/SystemWorkbench/plugins/fr.ac6.mcu.externaltools.arm-none.linux64_1.15.0.201708311556/tools/compiler/bin/../lib/gcc/arm-none-eabi/6.3.1/thumb/v6-m/crtn.o
                0x0000000008003230                . = ALIGN (0x4)
                0x0000000008003230                _etext = .

.vfp11_veneer   0x0000000008003230        0x0
 .vfp11_veneer  0x0000000008003230        0x0 linker stubs

.v4_bx          0x0000000008003230        0x0
 .v4_bx         0x0000000008003230        0x0 linker stubs

.iplt           0x0000000008003230        0x0
 .iplt          0x0000000008003230        0x0 /home/alex/Ac6/SystemWorkbench/plugins/fr.ac6.mcu.externaltools.arm-none.linux64_1.15.0.201708311556/tools/compiler/bin/../lib/gcc/arm-none-eabi/6.3.1/thumb/v6-m/crtbegin.o

.rodata         0x0000000008003230       0xbc
                0x0000000008003230                . = ALIGN (0x4)
 *(.rodata)
 .rodata        0x0000000008003230       0x48 Drivers/STM32L0xx_HAL_Driver/Src/stm32l0xx_hal_uart.o
 .rodata        0x0000000008003278       0x24 Src/system_stm32l0xx.o
                0x0000000008003278                PLLMulTable
                0x0000000008003284                AHBPrescTable
                0x0000000008003294                APBPrescTable
 *(.rodata*)
 .rodata.str1.4
                0x000000000800329c        0xd Src/adc.o
 *fill*         0x00000000080032a9        0x3 
 .rodata.str1.4
                0x00000000080032ac        0xf Src/lptim.o
 *fill*         0x00000000080032bb        0x1 
 .rodata.str1.4
                0x00000000080032bc        0xe Src/main.o
 *fill*         0x00000000080032ca        0x2 
 .rodata.str1.4
                0x00000000080032cc        0xd Src/tim.o
 *fill*         0x00000000080032d9        0x3 
 .rodata.str1.4
                0x00000000080032dc       0x10 Src/usart.o
                                          0xf (size before relaxing)
                0x00000000080032ec                . = ALIGN (0x4)

.ARM.extab
 *(.ARM.extab* .gnu.linkonce.armextab.*)

.ARM            0x00000000080032ec        0x8
                0x00000000080032ec                __exidx_start = .
 *(.ARM.exidx*)
 .ARM.exidx     0x00000000080032ec        0x8 /home/alex/Ac6/SystemWorkbench/plugins/fr.ac6.mcu.externaltools.arm-none.linux64_1.15.0.201708311556/tools/compiler/bin/../lib/gcc/arm-none-eabi/6.3.1/thumb/v6-m/libgcc.a(_udivmoddi4.o)
                0x00000000080032f4                __exidx_end = .

.rel.dyn        0x00000000080032f4        0x0
 .rel.iplt      0x00000000080032f4        0x0 /home/alex/Ac6/SystemWorkbench/plugins/fr.ac6.mcu.externaltools.arm-none.linux64_1.15.0.201708311556/tools/compiler/bin/../lib/gcc/arm-none-eabi/6.3.1/thumb/v6-m/crtbegin.o

.preinit_array  0x00000000080032f4        0x0
                0x00000000080032f4                PROVIDE (__preinit_array_start, .)
 *(.preinit_array*)
                0x00000000080032f4                PROVIDE (__preinit_array_end, .)

.init_array     0x00000000080032f4        0x4
                0x00000000080032f4                PROVIDE (__init_array_start, .)
 *(SORT(.init_array.*))
 *(.init_array*)
 .init_array    0x00000000080032f4        0x4 /home/alex/Ac6/SystemWorkbench/plugins/fr.ac6.mcu.externaltools.arm-none.linux64_1.15.0.201708311556/tools/compiler/bin/../lib/gcc/arm-none-eabi/6.3.1/thumb/v6-m/crtbegin.o
                0x00000000080032f8                PROVIDE (__init_array_end, .)

.fini_array     0x00000000080032f8        0x4
                [!provide]                        PROVIDE (__fini_array_start, .)
 *(SORT(.fini_array.*))
 *(.fini_array*)
 .fini_array    0x00000000080032f8        0x4 /home/alex/Ac6/SystemWorkbench/plugins/fr.ac6.mcu.externaltools.arm-none.linux64_1.15.0.201708311556/tools/compiler/bin/../lib/gcc/arm-none-eabi/6.3.1/thumb/v6-m/crtbegin.o
                [!provide]                        PROVIDE (__fini_array_end, .)
                0x00000000080032fc                _sidata = LOADADDR (.data)

.data           0x0000000020000000        0x8 load address 0x00000000080032fc
                0x0000000020000000                . = ALIGN (0x4)
                0x0000000020000000                _sdata = .
 *(.data)
 .data          0x0000000020000000        0x4 Src/main.o
                0x0000000020000000                Byte_To_Receive
 .data          0x0000000020000004        0x4 Src/system_stm32l0xx.o
                0x0000000020000004                SystemCoreClock
 *(.data*)
                0x0000000020000008                . = ALIGN (0x4)
                0x0000000020000008                _edata = .

.jcr            0x0000000020000008        0x0 load address 0x0000000008003304
 .jcr           0x0000000020000008        0x0 /home/alex/Ac6/SystemWorkbench/plugins/fr.ac6.mcu.externaltools.arm-none.linux64_1.15.0.201708311556/tools/compiler/bin/../lib/gcc/arm-none-eabi/6.3.1/thumb/v6-m/crtbegin.o

.igot.plt       0x0000000020000008        0x0 load address 0x0000000008003304
 .igot.plt      0x0000000020000008        0x0 /home/alex/Ac6/SystemWorkbench/plugins/fr.ac6.mcu.externaltools.arm-none.linux64_1.15.0.201708311556/tools/compiler/bin/../lib/gcc/arm-none-eabi/6.3.1/thumb/v6-m/crtbegin.o
                0x0000000020000008                . = ALIGN (0x4)

.bss            0x0000000020000008      0x2f8 load address 0x0000000008003304
                0x0000000020000008                _sbss = .
                0x0000000020000008                __bss_start__ = _sbss
 *(.bss)
 .bss           0x0000000020000008       0x1c /home/alex/Ac6/SystemWorkbench/plugins/fr.ac6.mcu.externaltools.arm-none.linux64_1.15.0.201708311556/tools/compiler/bin/../lib/gcc/arm-none-eabi/6.3.1/thumb/v6-m/crtbegin.o
 .bss           0x0000000020000024       0x18 Src/main.o
                0x0000000020000024                in
                0x0000000020000028                Cell_Voltage_Calibrate_Coeff
                0x000000002000002c                Cell_Temperature_Calibrate_Coeff
                0x0000000020000030                PWM_Value
                0x0000000020000034                Cycles
                0x0000000020000038                i
 *(.bss*)
 *(COMMON)
 COMMON         0x000000002000003c        0x4 Drivers/STM32L0xx_HAL_Driver/Src/stm32l0xx_hal.o
                0x000000002000003c                uwTick
 COMMON         0x0000000020000040       0x60 Src/adc.o
                0x0000000020000040                hadc
 COMMON         0x00000000200000a0        0x4 Src/communication.o
                0x00000000200000a0                Tx_Data
 COMMON         0x00000000200000a4       0x30 Src/lptim.o
                0x00000000200000a4                hlptim1
 COMMON         0x00000000200000d4      0x114 Src/main.o
                0x00000000200000d4                j
                0x00000000200000d8                Transfer_cplt
                0x00000000200000d9                Rx_indx
                0x00000000200000da                Packet
                0x00000000200000dc                Rx_data
                0x00000000200000e0                ADCDATA
                0x00000000200000e4                Cell_Voltage
                0x00000000200000e8                VREFDATA
                0x00000000200000ec                Vdd
                0x00000000200000f0                Packet_Id_cplt
                0x00000000200000f4                Cell_Temperature
                0x00000000200000f8                buffer
                0x0000000020000108                ADC_raw
                0x0000000020000114                Rx_Buffer
                0x00000000200001dc                step
                0x00000000200001e0                Packet_Id
                0x00000000200001e4                len
 COMMON         0x00000000200001e8       0x38 Src/tim.o
                0x00000000200001e8                htim2
 COMMON         0x0000000020000220       0xe0 Src/usart.o
                0x0000000020000220                hlpuart1
                0x0000000020000290                huart2
                0x0000000020000300                . = ALIGN (0x4)
                0x0000000020000300                _ebss = .
                0x0000000020000300                __bss_end__ = _ebss

._user_heap_stack
                0x0000000020000300      0x400 load address 0x0000000008003304
                0x0000000020000300                . = ALIGN (0x8)
                [!provide]                        PROVIDE (end, .)
                [!provide]                        PROVIDE (_end, .)
                0x0000000020000500                . = (. + _Min_Heap_Size)
 *fill*         0x0000000020000300      0x200 
                0x0000000020000700                . = (. + _Min_Stack_Size)
 *fill*         0x0000000020000500      0x200 
                0x0000000020000700                . = ALIGN (0x8)

/DISCARD/
 libc.a(*)
 libm.a(*)
 libgcc.a(*)

.ARM.attributes
                0x0000000000000000       0x28
 *(.ARM.attributes)
 .ARM.attributes
                0x0000000000000000       0x1e /home/alex/Ac6/SystemWorkbench/plugins/fr.ac6.mcu.externaltools.arm-none.linux64_1.15.0.201708311556/tools/compiler/bin/../lib/gcc/arm-none-eabi/6.3.1/thumb/v6-m/crti.o
 .ARM.attributes
                0x000000000000001e       0x2c /home/alex/Ac6/SystemWorkbench/plugins/fr.ac6.mcu.externaltools.arm-none.linux64_1.15.0.201708311556/tools/compiler/bin/../lib/gcc/arm-none-eabi/6.3.1/thumb/v6-m/crtbegin.o
 .ARM.attributes
                0x000000000000004a       0x32 Drivers/STM32L0xx_HAL_Driver/Src/stm32l0xx_hal.o
 .ARM.attributes
                0x000000000000007c       0x32 Drivers/STM32L0xx_HAL_Driver/Src/stm32l0xx_hal_adc.o
 .ARM.attributes
                0x00000000000000ae       0x32 Drivers/STM32L0xx_HAL_Driver/Src/stm32l0xx_hal_cortex.o
 .ARM.attributes
                0x00000000000000e0       0x32 Drivers/STM32L0xx_HAL_Driver/Src/stm32l0xx_hal_dma.o
 .ARM.attributes
                0x0000000000000112       0x32 Drivers/STM32L0xx_HAL_Driver/Src/stm32l0xx_hal_gpio.o
 .ARM.attributes
                0x0000000000000144       0x32 Drivers/STM32L0xx_HAL_Driver/Src/stm32l0xx_hal_lptim.o
 .ARM.attributes
                0x0000000000000176       0x32 Drivers/STM32L0xx_HAL_Driver/Src/stm32l0xx_hal_rcc.o
 .ARM.attributes
                0x00000000000001a8       0x32 Drivers/STM32L0xx_HAL_Driver/Src/stm32l0xx_hal_rcc_ex.o
 .ARM.attributes
                0x00000000000001da       0x32 Drivers/STM32L0xx_HAL_Driver/Src/stm32l0xx_hal_tim.o
 .ARM.attributes
                0x000000000000020c       0x32 Drivers/STM32L0xx_HAL_Driver/Src/stm32l0xx_hal_tim_ex.o
 .ARM.attributes
                0x000000000000023e       0x32 Drivers/STM32L0xx_HAL_Driver/Src/stm32l0xx_hal_uart.o
 .ARM.attributes
                0x0000000000000270       0x32 Drivers/STM32L0xx_HAL_Driver/Src/stm32l0xx_hal_uart_ex.o
 .ARM.attributes
                0x00000000000002a2       0x32 Src/adc.o
 .ARM.attributes
                0x00000000000002d4       0x32 Src/communication.o
 .ARM.attributes
                0x0000000000000306       0x32 Src/gpio.o
 .ARM.attributes
                0x0000000000000338       0x32 Src/lptim.o
 .ARM.attributes
                0x000000000000036a       0x32 Src/main.o
 .ARM.attributes
                0x000000000000039c       0x32 Src/stm32l0xx_hal_msp.o
 .ARM.attributes
                0x00000000000003ce       0x32 Src/stm32l0xx_it.o
 .ARM.attributes
                0x0000000000000400       0x32 Src/system_stm32l0xx.o
 .ARM.attributes
                0x0000000000000432       0x32 Src/tim.o
 .ARM.attributes
                0x0000000000000464       0x32 Src/usart.o
 .ARM.attributes
                0x0000000000000496       0x22 startup/startup_stm32l011xx.o
 .ARM.attributes
                0x00000000000004b8       0x1e /home/alex/Ac6/SystemWorkbench/plugins/fr.ac6.mcu.externaltools.arm-none.linux64_1.15.0.201708311556/tools/compiler/bin/../lib/gcc/arm-none-eabi/6.3.1/thumb/v6-m/libgcc.a(_udivsi3.o)
 .ARM.attributes
                0x00000000000004d6       0x1e /home/alex/Ac6/SystemWorkbench/plugins/fr.ac6.mcu.externaltools.arm-none.linux64_1.15.0.201708311556/tools/compiler/bin/../lib/gcc/arm-none-eabi/6.3.1/thumb/v6-m/libgcc.a(_divsi3.o)
 .ARM.attributes
                0x00000000000004f4       0x1e /home/alex/Ac6/SystemWorkbench/plugins/fr.ac6.mcu.externaltools.arm-none.linux64_1.15.0.201708311556/tools/compiler/bin/../lib/gcc/arm-none-eabi/6.3.1/thumb/v6-m/libgcc.a(_dvmd_tls.o)
 .ARM.attributes
                0x0000000000000512       0x1e /home/alex/Ac6/SystemWorkbench/plugins/fr.ac6.mcu.externaltools.arm-none.linux64_1.15.0.201708311556/tools/compiler/bin/../lib/gcc/arm-none-eabi/6.3.1/thumb/v6-m/libgcc.a(_aeabi_uldivmod.o)
 .ARM.attributes
                0x0000000000000530       0x2c /home/alex/Ac6/SystemWorkbench/plugins/fr.ac6.mcu.externaltools.arm-none.linux64_1.15.0.201708311556/tools/compiler/bin/../lib/gcc/arm-none-eabi/6.3.1/thumb/v6-m/libgcc.a(_udivmoddi4.o)
 .ARM.attributes
                0x000000000000055c       0x1e /home/alex/Ac6/SystemWorkbench/plugins/fr.ac6.mcu.externaltools.arm-none.linux64_1.15.0.201708311556/tools/compiler/bin/../lib/gcc/arm-none-eabi/6.3.1/thumb/v6-m/libgcc.a(_clzdi2.o)
 .ARM.attributes
                0x000000000000057a       0x1e /home/alex/Ac6/SystemWorkbench/plugins/fr.ac6.mcu.externaltools.arm-none.linux64_1.15.0.201708311556/tools/compiler/bin/../lib/gcc/arm-none-eabi/6.3.1/thumb/v6-m/libgcc.a(_clzsi2.o)
 .ARM.attributes
                0x0000000000000598       0x2c /home/alex/Ac6/SystemWorkbench/plugins/fr.ac6.mcu.externaltools.arm-none.linux64_1.15.0.201708311556/tools/compiler/bin/../lib/gcc/arm-none-eabi/6.3.1/../../../../arm-none-eabi/lib/thumb/v6-m/libc_nano.a(lib_a-init.o)
 .ARM.attributes
                0x00000000000005c4       0x1e /home/alex/Ac6/SystemWorkbench/plugins/fr.ac6.mcu.externaltools.arm-none.linux64_1.15.0.201708311556/tools/compiler/bin/../lib/gcc/arm-none-eabi/6.3.1/thumb/v6-m/crtn.o
OUTPUT(BMS_CELL.elf elf32-littlearm)

.debug_info     0x0000000000000000    0x1b04d
 .debug_info    0x0000000000000000      0xfa4 Drivers/STM32L0xx_HAL_Driver/Src/stm32l0xx_hal.o
 .debug_info    0x0000000000000fa4     0x16f2 Drivers/STM32L0xx_HAL_Driver/Src/stm32l0xx_hal_adc.o
 .debug_info    0x0000000000002696      0xfd2 Drivers/STM32L0xx_HAL_Driver/Src/stm32l0xx_hal_cortex.o
 .debug_info    0x0000000000003668      0xf10 Drivers/STM32L0xx_HAL_Driver/Src/stm32l0xx_hal_dma.o
 .debug_info    0x0000000000004578      0xee6 Drivers/STM32L0xx_HAL_Driver/Src/stm32l0xx_hal_gpio.o
 .debug_info    0x000000000000545e     0x148d Drivers/STM32L0xx_HAL_Driver/Src/stm32l0xx_hal_lptim.o
 .debug_info    0x00000000000068eb     0x128e Drivers/STM32L0xx_HAL_Driver/Src/stm32l0xx_hal_rcc.o
 .debug_info    0x0000000000007b79      0xd89 Drivers/STM32L0xx_HAL_Driver/Src/stm32l0xx_hal_rcc_ex.o
 .debug_info    0x0000000000008902     0x34c0 Drivers/STM32L0xx_HAL_Driver/Src/stm32l0xx_hal_tim.o
 .debug_info    0x000000000000bdc2      0xe42 Drivers/STM32L0xx_HAL_Driver/Src/stm32l0xx_hal_tim_ex.o
 .debug_info    0x000000000000cc04     0x2218 Drivers/STM32L0xx_HAL_Driver/Src/stm32l0xx_hal_uart.o
 .debug_info    0x000000000000ee1c     0x116b Drivers/STM32L0xx_HAL_Driver/Src/stm32l0xx_hal_uart_ex.o
 .debug_info    0x000000000000ff87     0x12ff Src/adc.o
 .debug_info    0x0000000000011286      0xe44 Src/communication.o
 .debug_info    0x00000000000120ca      0xc55 Src/gpio.o
 .debug_info    0x0000000000012d1f      0xfe9 Src/lptim.o
 .debug_info    0x0000000000013d08     0x21ce Src/main.o
 .debug_info    0x0000000000015ed6      0xb9c Src/stm32l0xx_hal_msp.o
 .debug_info    0x0000000000016a72     0x13e9 Src/stm32l0xx_it.o
 .debug_info    0x0000000000017e5b      0xbb2 Src/system_stm32l0xx.o
 .debug_info    0x0000000000018a0d     0x1287 Src/tim.o
 .debug_info    0x0000000000019c94     0x1343 Src/usart.o
 .debug_info    0x000000000001afd7       0x76 startup/startup_stm32l011xx.o

.debug_abbrev   0x0000000000000000     0x383d
 .debug_abbrev  0x0000000000000000      0x2e3 Drivers/STM32L0xx_HAL_Driver/Src/stm32l0xx_hal.o
 .debug_abbrev  0x00000000000002e3      0x2b6 Drivers/STM32L0xx_HAL_Driver/Src/stm32l0xx_hal_adc.o
 .debug_abbrev  0x0000000000000599      0x326 Drivers/STM32L0xx_HAL_Driver/Src/stm32l0xx_hal_cortex.o
 .debug_abbrev  0x00000000000008bf      0x2b6 Drivers/STM32L0xx_HAL_Driver/Src/stm32l0xx_hal_dma.o
 .debug_abbrev  0x0000000000000b75      0x28d Drivers/STM32L0xx_HAL_Driver/Src/stm32l0xx_hal_gpio.o
 .debug_abbrev  0x0000000000000e02      0x2a4 Drivers/STM32L0xx_HAL_Driver/Src/stm32l0xx_hal_lptim.o
 .debug_abbrev  0x00000000000010a6      0x2fb Drivers/STM32L0xx_HAL_Driver/Src/stm32l0xx_hal_rcc.o
 .debug_abbrev  0x00000000000013a1      0x2a1 Drivers/STM32L0xx_HAL_Driver/Src/stm32l0xx_hal_rcc_ex.o
 .debug_abbrev  0x0000000000001642      0x2dc Drivers/STM32L0xx_HAL_Driver/Src/stm32l0xx_hal_tim.o
 .debug_abbrev  0x000000000000191e      0x234 Drivers/STM32L0xx_HAL_Driver/Src/stm32l0xx_hal_tim_ex.o
 .debug_abbrev  0x0000000000001b52      0x31f Drivers/STM32L0xx_HAL_Driver/Src/stm32l0xx_hal_uart.o
 .debug_abbrev  0x0000000000001e71      0x2be Drivers/STM32L0xx_HAL_Driver/Src/stm32l0xx_hal_uart_ex.o
 .debug_abbrev  0x000000000000212f      0x254 Src/adc.o
 .debug_abbrev  0x0000000000002383      0x1cd Src/communication.o
 .debug_abbrev  0x0000000000002550      0x229 Src/gpio.o
 .debug_abbrev  0x0000000000002779      0x265 Src/lptim.o
 .debug_abbrev  0x00000000000029de      0x354 Src/main.o
 .debug_abbrev  0x0000000000002d32      0x218 Src/stm32l0xx_hal_msp.o
 .debug_abbrev  0x0000000000002f4a      0x21f Src/stm32l0xx_it.o
 .debug_abbrev  0x0000000000003169      0x205 Src/system_stm32l0xx.o
 .debug_abbrev  0x000000000000336e      0x269 Src/tim.o
 .debug_abbrev  0x00000000000035d7      0x254 Src/usart.o
 .debug_abbrev  0x000000000000382b       0x12 startup/startup_stm32l011xx.o

.debug_loc      0x0000000000000000     0x83eb
 .debug_loc     0x0000000000000000       0xac Drivers/STM32L0xx_HAL_Driver/Src/stm32l0xx_hal.o
 .debug_loc     0x00000000000000ac      0xbb3 Drivers/STM32L0xx_HAL_Driver/Src/stm32l0xx_hal_adc.o
 .debug_loc     0x0000000000000c5f      0x393 Drivers/STM32L0xx_HAL_Driver/Src/stm32l0xx_hal_cortex.o
 .debug_loc     0x0000000000000ff2      0x5e0 Drivers/STM32L0xx_HAL_Driver/Src/stm32l0xx_hal_dma.o
 .debug_loc     0x00000000000015d2      0x2a5 Drivers/STM32L0xx_HAL_Driver/Src/stm32l0xx_hal_gpio.o
 .debug_loc     0x0000000000001877      0x812 Drivers/STM32L0xx_HAL_Driver/Src/stm32l0xx_hal_lptim.o
 .debug_loc     0x0000000000002089      0x5ab Drivers/STM32L0xx_HAL_Driver/Src/stm32l0xx_hal_rcc.o
 .debug_loc     0x0000000000002634      0x5cc Drivers/STM32L0xx_HAL_Driver/Src/stm32l0xx_hal_rcc_ex.o
 .debug_loc     0x0000000000002c00     0x34c5 Drivers/STM32L0xx_HAL_Driver/Src/stm32l0xx_hal_tim.o
 .debug_loc     0x00000000000060c5       0xa0 Drivers/STM32L0xx_HAL_Driver/Src/stm32l0xx_hal_tim_ex.o
 .debug_loc     0x0000000000006165     0x1a30 Drivers/STM32L0xx_HAL_Driver/Src/stm32l0xx_hal_uart.o
 .debug_loc     0x0000000000007b95      0x388 Drivers/STM32L0xx_HAL_Driver/Src/stm32l0xx_hal_uart_ex.o
 .debug_loc     0x0000000000007f1d       0x74 Src/adc.o
 .debug_loc     0x0000000000007f91       0x74 Src/lptim.o
 .debug_loc     0x0000000000008005      0x116 Src/main.o
 .debug_loc     0x000000000000811b      0x1cf Src/system_stm32l0xx.o
 .debug_loc     0x00000000000082ea       0x5b Src/tim.o
 .debug_loc     0x0000000000008345       0xa6 Src/usart.o

.debug_aranges  0x0000000000000000      0xd50
 .debug_aranges
                0x0000000000000000       0xe0 Drivers/STM32L0xx_HAL_Driver/Src/stm32l0xx_hal.o
 .debug_aranges
                0x00000000000000e0      0x100 Drivers/STM32L0xx_HAL_Driver/Src/stm32l0xx_hal_adc.o
 .debug_aranges
                0x00000000000001e0       0x78 Drivers/STM32L0xx_HAL_Driver/Src/stm32l0xx_hal_cortex.o
 .debug_aranges
                0x0000000000000258       0x70 Drivers/STM32L0xx_HAL_Driver/Src/stm32l0xx_hal_dma.o
 .debug_aranges
                0x00000000000002c8       0x58 Drivers/STM32L0xx_HAL_Driver/Src/stm32l0xx_hal_gpio.o
 .debug_aranges
                0x0000000000000320      0x158 Drivers/STM32L0xx_HAL_Driver/Src/stm32l0xx_hal_lptim.o
 .debug_aranges
                0x0000000000000478       0x70 Drivers/STM32L0xx_HAL_Driver/Src/stm32l0xx_hal_rcc.o
 .debug_aranges
                0x00000000000004e8       0x58 Drivers/STM32L0xx_HAL_Driver/Src/stm32l0xx_hal_rcc_ex.o
 .debug_aranges
                0x0000000000000540      0x368 Drivers/STM32L0xx_HAL_Driver/Src/stm32l0xx_hal_tim.o
 .debug_aranges
                0x00000000000008a8       0x28 Drivers/STM32L0xx_HAL_Driver/Src/stm32l0xx_hal_tim_ex.o
 .debug_aranges
                0x00000000000008d0      0x1e8 Drivers/STM32L0xx_HAL_Driver/Src/stm32l0xx_hal_uart.o
 .debug_aranges
                0x0000000000000ab8       0x60 Drivers/STM32L0xx_HAL_Driver/Src/stm32l0xx_hal_uart_ex.o
 .debug_aranges
                0x0000000000000b18       0x30 Src/adc.o
 .debug_aranges
                0x0000000000000b48       0x18 Src/communication.o
 .debug_aranges
                0x0000000000000b60       0x20 Src/gpio.o
 .debug_aranges
                0x0000000000000b80       0x30 Src/lptim.o
 .debug_aranges
                0x0000000000000bb0       0x58 Src/main.o
 .debug_aranges
                0x0000000000000c08       0x20 Src/stm32l0xx_hal_msp.o
 .debug_aranges
                0x0000000000000c28       0x60 Src/stm32l0xx_it.o
 .debug_aranges
                0x0000000000000c88       0x28 Src/system_stm32l0xx.o
 .debug_aranges
                0x0000000000000cb0       0x40 Src/tim.o
 .debug_aranges
                0x0000000000000cf0       0x38 Src/usart.o
 .debug_aranges
                0x0000000000000d28       0x28 startup/startup_stm32l011xx.o

.debug_ranges   0x0000000000000000      0xc70
 .debug_ranges  0x0000000000000000       0xd0 Drivers/STM32L0xx_HAL_Driver/Src/stm32l0xx_hal.o
 .debug_ranges  0x00000000000000d0       0xf0 Drivers/STM32L0xx_HAL_Driver/Src/stm32l0xx_hal_adc.o
 .debug_ranges  0x00000000000001c0       0xb0 Drivers/STM32L0xx_HAL_Driver/Src/stm32l0xx_hal_cortex.o
 .debug_ranges  0x0000000000000270       0x60 Drivers/STM32L0xx_HAL_Driver/Src/stm32l0xx_hal_dma.o
 .debug_ranges  0x00000000000002d0       0x48 Drivers/STM32L0xx_HAL_Driver/Src/stm32l0xx_hal_gpio.o
 .debug_ranges  0x0000000000000318      0x148 Drivers/STM32L0xx_HAL_Driver/Src/stm32l0xx_hal_lptim.o
 .debug_ranges  0x0000000000000460       0x90 Drivers/STM32L0xx_HAL_Driver/Src/stm32l0xx_hal_rcc.o
 .debug_ranges  0x00000000000004f0       0x60 Drivers/STM32L0xx_HAL_Driver/Src/stm32l0xx_hal_rcc_ex.o
 .debug_ranges  0x0000000000000550      0x358 Drivers/STM32L0xx_HAL_Driver/Src/stm32l0xx_hal_tim.o
 .debug_ranges  0x00000000000008a8       0x18 Drivers/STM32L0xx_HAL_Driver/Src/stm32l0xx_hal_tim_ex.o
 .debug_ranges  0x00000000000008c0      0x1d8 Drivers/STM32L0xx_HAL_Driver/Src/stm32l0xx_hal_uart.o
 .debug_ranges  0x0000000000000a98       0x50 Drivers/STM32L0xx_HAL_Driver/Src/stm32l0xx_hal_uart_ex.o
 .debug_ranges  0x0000000000000ae8       0x20 Src/adc.o
 .debug_ranges  0x0000000000000b08       0x10 Src/gpio.o
 .debug_ranges  0x0000000000000b18       0x20 Src/lptim.o
 .debug_ranges  0x0000000000000b38       0x48 Src/main.o
 .debug_ranges  0x0000000000000b80       0x10 Src/stm32l0xx_hal_msp.o
 .debug_ranges  0x0000000000000b90       0x50 Src/stm32l0xx_it.o
 .debug_ranges  0x0000000000000be0       0x18 Src/system_stm32l0xx.o
 .debug_ranges  0x0000000000000bf8       0x30 Src/tim.o
 .debug_ranges  0x0000000000000c28       0x28 Src/usart.o
 .debug_ranges  0x0000000000000c50       0x20 startup/startup_stm32l011xx.o

.debug_macro    0x0000000000000000    0x1511b
 .debug_macro   0x0000000000000000      0x371 Drivers/STM32L0xx_HAL_Driver/Src/stm32l0xx_hal.o
 .debug_macro   0x0000000000000371      0x8aa Drivers/STM32L0xx_HAL_Driver/Src/stm32l0xx_hal.o
 .debug_macro   0x0000000000000c1b       0x10 Drivers/STM32L0xx_HAL_Driver/Src/stm32l0xx_hal.o
 .debug_macro   0x0000000000000c2b       0xaf Drivers/STM32L0xx_HAL_Driver/Src/stm32l0xx_hal.o
 .debug_macro   0x0000000000000cda       0x2e Drivers/STM32L0xx_HAL_Driver/Src/stm32l0xx_hal.o
 .debug_macro   0x0000000000000d08       0x28 Drivers/STM32L0xx_HAL_Driver/Src/stm32l0xx_hal.o
 .debug_macro   0x0000000000000d30       0x22 Drivers/STM32L0xx_HAL_Driver/Src/stm32l0xx_hal.o
 .debug_macro   0x0000000000000d52       0x87 Drivers/STM32L0xx_HAL_Driver/Src/stm32l0xx_hal.o
 .debug_macro   0x0000000000000dd9       0x51 Drivers/STM32L0xx_HAL_Driver/Src/stm32l0xx_hal.o
 .debug_macro   0x0000000000000e2a       0xef Drivers/STM32L0xx_HAL_Driver/Src/stm32l0xx_hal.o
 .debug_macro   0x0000000000000f19       0x6a Drivers/STM32L0xx_HAL_Driver/Src/stm32l0xx_hal.o
 .debug_macro   0x0000000000000f83      0x1df Drivers/STM32L0xx_HAL_Driver/Src/stm32l0xx_hal.o
 .debug_macro   0x0000000000001162       0x34 Drivers/STM32L0xx_HAL_Driver/Src/stm32l0xx_hal.o
 .debug_macro   0x0000000000001196       0x26 Drivers/STM32L0xx_HAL_Driver/Src/stm32l0xx_hal.o
 .debug_macro   0x00000000000011bc      0x329 Drivers/STM32L0xx_HAL_Driver/Src/stm32l0xx_hal.o
 .debug_macro   0x00000000000014e5     0x7b8e Drivers/STM32L0xx_HAL_Driver/Src/stm32l0xx_hal.o
 .debug_macro   0x0000000000009073       0x3c Drivers/STM32L0xx_HAL_Driver/Src/stm32l0xx_hal.o
 .debug_macro   0x00000000000090af     0x3455 Drivers/STM32L0xx_HAL_Driver/Src/stm32l0xx_hal.o
 .debug_macro   0x000000000000c504       0x58 Drivers/STM32L0xx_HAL_Driver/Src/stm32l0xx_hal.o
 .debug_macro   0x000000000000c55c       0x35 Drivers/STM32L0xx_HAL_Driver/Src/stm32l0xx_hal.o
 .debug_macro   0x000000000000c591       0x9c Drivers/STM32L0xx_HAL_Driver/Src/stm32l0xx_hal.o
 .debug_macro   0x000000000000c62d       0x16 Drivers/STM32L0xx_HAL_Driver/Src/stm32l0xx_hal.o
 .debug_macro   0x000000000000c643       0x97 Drivers/STM32L0xx_HAL_Driver/Src/stm32l0xx_hal.o
 .debug_macro   0x000000000000c6da      0x330 Drivers/STM32L0xx_HAL_Driver/Src/stm32l0xx_hal.o
 .debug_macro   0x000000000000ca0a       0xfd Drivers/STM32L0xx_HAL_Driver/Src/stm32l0xx_hal.o
 .debug_macro   0x000000000000cb07       0x10 Drivers/STM32L0xx_HAL_Driver/Src/stm32l0xx_hal.o
 .debug_macro   0x000000000000cb17       0x58 Drivers/STM32L0xx_HAL_Driver/Src/stm32l0xx_hal.o
 .debug_macro   0x000000000000cb6f       0x1f Drivers/STM32L0xx_HAL_Driver/Src/stm32l0xx_hal.o
 .debug_macro   0x000000000000cb8e       0x43 Drivers/STM32L0xx_HAL_Driver/Src/stm32l0xx_hal.o
 .debug_macro   0x000000000000cbd1       0x20 Drivers/STM32L0xx_HAL_Driver/Src/stm32l0xx_hal.o
 .debug_macro   0x000000000000cbf1      0x187 Drivers/STM32L0xx_HAL_Driver/Src/stm32l0xx_hal.o
 .debug_macro   0x000000000000cd78       0x10 Drivers/STM32L0xx_HAL_Driver/Src/stm32l0xx_hal.o
 .debug_macro   0x000000000000cd88       0x1c Drivers/STM32L0xx_HAL_Driver/Src/stm32l0xx_hal.o
 .debug_macro   0x000000000000cda4       0x52 Drivers/STM32L0xx_HAL_Driver/Src/stm32l0xx_hal.o
 .debug_macro   0x000000000000cdf6       0x40 Drivers/STM32L0xx_HAL_Driver/Src/stm32l0xx_hal.o
 .debug_macro   0x000000000000ce36       0x10 Drivers/STM32L0xx_HAL_Driver/Src/stm32l0xx_hal.o
 .debug_macro   0x000000000000ce46       0x40 Drivers/STM32L0xx_HAL_Driver/Src/stm32l0xx_hal.o
 .debug_macro   0x000000000000ce86       0xd7 Drivers/STM32L0xx_HAL_Driver/Src/stm32l0xx_hal.o
 .debug_macro   0x000000000000cf5d       0x16 Drivers/STM32L0xx_HAL_Driver/Src/stm32l0xx_hal.o
 .debug_macro   0x000000000000cf73      0x18b Drivers/STM32L0xx_HAL_Driver/Src/stm32l0xx_hal.o
 .debug_macro   0x000000000000d0fe       0x50 Drivers/STM32L0xx_HAL_Driver/Src/stm32l0xx_hal.o
 .debug_macro   0x000000000000d14e      0x8a3 Drivers/STM32L0xx_HAL_Driver/Src/stm32l0xx_hal.o
 .debug_macro   0x000000000000d9f1      0x42e Drivers/STM32L0xx_HAL_Driver/Src/stm32l0xx_hal.o
 .debug_macro   0x000000000000de1f      0x14b Drivers/STM32L0xx_HAL_Driver/Src/stm32l0xx_hal.o
 .debug_macro   0x000000000000df6a       0xf8 Drivers/STM32L0xx_HAL_Driver/Src/stm32l0xx_hal.o
 .debug_macro   0x000000000000e062      0x279 Drivers/STM32L0xx_HAL_Driver/Src/stm32l0xx_hal.o
 .debug_macro   0x000000000000e2db       0x28 Drivers/STM32L0xx_HAL_Driver/Src/stm32l0xx_hal.o
 .debug_macro   0x000000000000e303      0x4e8 Drivers/STM32L0xx_HAL_Driver/Src/stm32l0xx_hal.o
 .debug_macro   0x000000000000e7eb       0x66 Drivers/STM32L0xx_HAL_Driver/Src/stm32l0xx_hal.o
 .debug_macro   0x000000000000e851      0x128 Drivers/STM32L0xx_HAL_Driver/Src/stm32l0xx_hal.o
 .debug_macro   0x000000000000e979      0x246 Drivers/STM32L0xx_HAL_Driver/Src/stm32l0xx_hal.o
 .debug_macro   0x000000000000ebbf      0x202 Drivers/STM32L0xx_HAL_Driver/Src/stm32l0xx_hal.o
 .debug_macro   0x000000000000edc1       0x5b Drivers/STM32L0xx_HAL_Driver/Src/stm32l0xx_hal.o
 .debug_macro   0x000000000000ee1c       0x90 Drivers/STM32L0xx_HAL_Driver/Src/stm32l0xx_hal.o
 .debug_macro   0x000000000000eeac      0x255 Drivers/STM32L0xx_HAL_Driver/Src/stm32l0xx_hal.o
 .debug_macro   0x000000000000f101       0x40 Drivers/STM32L0xx_HAL_Driver/Src/stm32l0xx_hal.o
 .debug_macro   0x000000000000f141      0x18d Drivers/STM32L0xx_HAL_Driver/Src/stm32l0xx_hal.o
 .debug_macro   0x000000000000f2ce       0x16 Drivers/STM32L0xx_HAL_Driver/Src/stm32l0xx_hal.o
 .debug_macro   0x000000000000f2e4      0x2fe Drivers/STM32L0xx_HAL_Driver/Src/stm32l0xx_hal.o
 .debug_macro   0x000000000000f5e2      0x3ff Drivers/STM32L0xx_HAL_Driver/Src/stm32l0xx_hal.o
 .debug_macro   0x000000000000f9e1       0xdd Drivers/STM32L0xx_HAL_Driver/Src/stm32l0xx_hal.o
 .debug_macro   0x000000000000fabe      0x703 Drivers/STM32L0xx_HAL_Driver/Src/stm32l0xx_hal.o
 .debug_macro   0x00000000000101c1       0xe3 Drivers/STM32L0xx_HAL_Driver/Src/stm32l0xx_hal.o
 .debug_macro   0x00000000000102a4      0x54a Drivers/STM32L0xx_HAL_Driver/Src/stm32l0xx_hal.o
 .debug_macro   0x00000000000107ee       0x44 Drivers/STM32L0xx_HAL_Driver/Src/stm32l0xx_hal.o
 .debug_macro   0x0000000000010832      0x115 Drivers/STM32L0xx_HAL_Driver/Src/stm32l0xx_hal.o
 .debug_macro   0x0000000000010947      0x35c Drivers/STM32L0xx_HAL_Driver/Src/stm32l0xx_hal_adc.o
 .debug_macro   0x0000000000010ca3      0x34d Drivers/STM32L0xx_HAL_Driver/Src/stm32l0xx_hal_cortex.o
 .debug_macro   0x0000000000010ff0      0x353 Drivers/STM32L0xx_HAL_Driver/Src/stm32l0xx_hal_dma.o
 .debug_macro   0x0000000000011343      0x385 Drivers/STM32L0xx_HAL_Driver/Src/stm32l0xx_hal_gpio.o
 .debug_macro   0x00000000000116c8      0x34d Drivers/STM32L0xx_HAL_Driver/Src/stm32l0xx_hal_lptim.o
 .debug_macro   0x0000000000011a15      0x39b Drivers/STM32L0xx_HAL_Driver/Src/stm32l0xx_hal_rcc.o
 .debug_macro   0x0000000000011db0      0x34d Drivers/STM32L0xx_HAL_Driver/Src/stm32l0xx_hal_rcc_ex.o
 .debug_macro   0x00000000000120fd      0x34e Drivers/STM32L0xx_HAL_Driver/Src/stm32l0xx_hal_tim.o
 .debug_macro   0x000000000001244b      0x34d Drivers/STM32L0xx_HAL_Driver/Src/stm32l0xx_hal_tim_ex.o
 .debug_macro   0x0000000000012798      0x35f Drivers/STM32L0xx_HAL_Driver/Src/stm32l0xx_hal_uart.o
 .debug_macro   0x0000000000012af7      0x34d Drivers/STM32L0xx_HAL_Driver/Src/stm32l0xx_hal_uart_ex.o
 .debug_macro   0x0000000000012e44      0x357 Src/adc.o
 .debug_macro   0x000000000001319b      0x385 Src/communication.o
 .debug_macro   0x0000000000013520       0xb5 Src/communication.o
 .debug_macro   0x00000000000135d5      0x357 Src/gpio.o
 .debug_macro   0x000000000001392c      0x361 Src/lptim.o
 .debug_macro   0x0000000000013c8d      0x3df Src/main.o
 .debug_macro   0x000000000001406c      0x34d Src/stm32l0xx_hal_msp.o
 .debug_macro   0x00000000000143b9      0x357 Src/stm32l0xx_it.o
 .debug_macro   0x0000000000014710      0x353 Src/system_stm32l0xx.o
 .debug_macro   0x0000000000014a63      0x357 Src/tim.o
 .debug_macro   0x0000000000014dba      0x361 Src/usart.o

.debug_line     0x0000000000000000     0xf325
 .debug_line    0x0000000000000000      0xa74 Drivers/STM32L0xx_HAL_Driver/Src/stm32l0xx_hal.o
 .debug_line    0x0000000000000a74      0xd9f Drivers/STM32L0xx_HAL_Driver/Src/stm32l0xx_hal_adc.o
 .debug_line    0x0000000000001813      0xa11 Drivers/STM32L0xx_HAL_Driver/Src/stm32l0xx_hal_cortex.o
 .debug_line    0x0000000000002224      0xc91 Drivers/STM32L0xx_HAL_Driver/Src/stm32l0xx_hal_dma.o
 .debug_line    0x0000000000002eb5      0x9ee Drivers/STM32L0xx_HAL_Driver/Src/stm32l0xx_hal_gpio.o
 .debug_line    0x00000000000038a3      0xc90 Drivers/STM32L0xx_HAL_Driver/Src/stm32l0xx_hal_lptim.o
 .debug_line    0x0000000000004533      0xb47 Drivers/STM32L0xx_HAL_Driver/Src/stm32l0xx_hal_rcc.o
 .debug_line    0x000000000000507a      0xa28 Drivers/STM32L0xx_HAL_Driver/Src/stm32l0xx_hal_rcc_ex.o
 .debug_line    0x0000000000005aa2     0x172a Drivers/STM32L0xx_HAL_Driver/Src/stm32l0xx_hal_tim.o
 .debug_line    0x00000000000071cc      0x916 Drivers/STM32L0xx_HAL_Driver/Src/stm32l0xx_hal_tim_ex.o
 .debug_line    0x0000000000007ae2     0x139d Drivers/STM32L0xx_HAL_Driver/Src/stm32l0xx_hal_uart.o
 .debug_line    0x0000000000008e7f      0xa28 Drivers/STM32L0xx_HAL_Driver/Src/stm32l0xx_hal_uart_ex.o
 .debug_line    0x00000000000098a7      0x8ee Src/adc.o
 .debug_line    0x000000000000a195      0x8a3 Src/communication.o
 .debug_line    0x000000000000aa38      0x8a2 Src/gpio.o
 .debug_line    0x000000000000b2da      0x8e6 Src/lptim.o
 .debug_line    0x000000000000bbc0      0xa04 Src/main.o
 .debug_line    0x000000000000c5c4      0x89f Src/stm32l0xx_hal_msp.o
 .debug_line    0x000000000000ce63      0x933 Src/stm32l0xx_it.o
 .debug_line    0x000000000000d796      0x8d2 Src/system_stm32l0xx.o
 .debug_line    0x000000000000e068      0x90a Src/tim.o
 .debug_line    0x000000000000e972      0x91c Src/usart.o
 .debug_line    0x000000000000f28e       0x97 startup/startup_stm32l011xx.o

.debug_str      0x0000000000000000    0x752e5
 .debug_str     0x0000000000000000    0x7162b Drivers/STM32L0xx_HAL_Driver/Src/stm32l0xx_hal.o
                                      0x71a6c (size before relaxing)
 .debug_str     0x000000000007162b      0x726 Drivers/STM32L0xx_HAL_Driver/Src/stm32l0xx_hal_adc.o
                                      0x71b90 (size before relaxing)
 .debug_str     0x0000000000071d51      0x1b9 Drivers/STM32L0xx_HAL_Driver/Src/stm32l0xx_hal_cortex.o
                                      0x717b0 (size before relaxing)
 .debug_str     0x0000000000071f0a      0x17c Drivers/STM32L0xx_HAL_Driver/Src/stm32l0xx_hal_dma.o
                                      0x71776 (size before relaxing)
 .debug_str     0x0000000000072086      0x2c1 Drivers/STM32L0xx_HAL_Driver/Src/stm32l0xx_hal_gpio.o
                                      0x7177d (size before relaxing)
 .debug_str     0x0000000000072347      0x58c Drivers/STM32L0xx_HAL_Driver/Src/stm32l0xx_hal_lptim.o
                                      0x71a0a (size before relaxing)
 .debug_str     0x00000000000728d3      0x4e7 Drivers/STM32L0xx_HAL_Driver/Src/stm32l0xx_hal_rcc.o
                                      0x71a32 (size before relaxing)
 .debug_str     0x0000000000072dba      0x1da Drivers/STM32L0xx_HAL_Driver/Src/stm32l0xx_hal_rcc_ex.o
                                      0x716c4 (size before relaxing)
 .debug_str     0x0000000000072f94      0xddc Drivers/STM32L0xx_HAL_Driver/Src/stm32l0xx_hal_tim.o
                                      0x724df (size before relaxing)
 .debug_str     0x0000000000073d70       0xc1 Drivers/STM32L0xx_HAL_Driver/Src/stm32l0xx_hal_tim_ex.o
                                      0x7183a (size before relaxing)
 .debug_str     0x0000000000073e31      0xa13 Drivers/STM32L0xx_HAL_Driver/Src/stm32l0xx_hal_uart.o
                                      0x721a0 (size before relaxing)
 .debug_str     0x0000000000074844      0x185 Drivers/STM32L0xx_HAL_Driver/Src/stm32l0xx_hal_uart_ex.o
                                      0x71a6b (size before relaxing)
 .debug_str     0x00000000000749c9       0x4b Src/adc.o
                                      0x71ad2 (size before relaxing)
 .debug_str     0x0000000000074a14      0x11c Src/communication.o
                                      0x7190b (size before relaxing)
 .debug_str     0x0000000000074b30       0x25 Src/gpio.o
                                      0x71510 (size before relaxing)
 .debug_str     0x0000000000074b55       0x3d Src/lptim.o
                                      0x718e4 (size before relaxing)
 .debug_str     0x0000000000074b92      0x5c9 Src/main.o
                                      0x72913 (size before relaxing)
 .debug_str     0x000000000007515b       0x1b Src/stm32l0xx_hal_msp.o
                                      0x715be (size before relaxing)
 .debug_str     0x0000000000075176       0xaa Src/stm32l0xx_it.o
                                      0x71cdd (size before relaxing)
 .debug_str     0x0000000000075220       0x72 Src/system_stm32l0xx.o
                                      0x714c8 (size before relaxing)
 .debug_str     0x0000000000075292       0x39 Src/tim.o
                                      0x71a15 (size before relaxing)
 .debug_str     0x00000000000752cb       0x1a Src/usart.o
                                      0x71b53 (size before relaxing)

.comment        0x0000000000000000       0x7f
 .comment       0x0000000000000000       0x7f Drivers/STM32L0xx_HAL_Driver/Src/stm32l0xx_hal.o
                                         0x80 (size before relaxing)
 .comment       0x000000000000007f       0x80 Drivers/STM32L0xx_HAL_Driver/Src/stm32l0xx_hal_adc.o
 .comment       0x000000000000007f       0x80 Drivers/STM32L0xx_HAL_Driver/Src/stm32l0xx_hal_cortex.o
 .comment       0x000000000000007f       0x80 Drivers/STM32L0xx_HAL_Driver/Src/stm32l0xx_hal_dma.o
 .comment       0x000000000000007f       0x80 Drivers/STM32L0xx_HAL_Driver/Src/stm32l0xx_hal_gpio.o
 .comment       0x000000000000007f       0x80 Drivers/STM32L0xx_HAL_Driver/Src/stm32l0xx_hal_lptim.o
 .comment       0x000000000000007f       0x80 Drivers/STM32L0xx_HAL_Driver/Src/stm32l0xx_hal_rcc.o
 .comment       0x000000000000007f       0x80 Drivers/STM32L0xx_HAL_Driver/Src/stm32l0xx_hal_rcc_ex.o
 .comment       0x000000000000007f       0x80 Drivers/STM32L0xx_HAL_Driver/Src/stm32l0xx_hal_tim.o
 .comment       0x000000000000007f       0x80 Drivers/STM32L0xx_HAL_Driver/Src/stm32l0xx_hal_tim_ex.o
 .comment       0x000000000000007f       0x80 Drivers/STM32L0xx_HAL_Driver/Src/stm32l0xx_hal_uart.o
 .comment       0x000000000000007f       0x80 Drivers/STM32L0xx_HAL_Driver/Src/stm32l0xx_hal_uart_ex.o
 .comment       0x000000000000007f       0x80 Src/adc.o
 .comment       0x000000000000007f       0x80 Src/communication.o
 .comment       0x000000000000007f       0x80 Src/gpio.o
 .comment       0x000000000000007f       0x80 Src/lptim.o
 .comment       0x000000000000007f       0x80 Src/main.o
 .comment       0x000000000000007f       0x80 Src/stm32l0xx_hal_msp.o
 .comment       0x000000000000007f       0x80 Src/stm32l0xx_it.o
 .comment       0x000000000000007f       0x80 Src/system_stm32l0xx.o
 .comment       0x000000000000007f       0x80 Src/tim.o
 .comment       0x000000000000007f       0x80 Src/usart.o

.debug_frame    0x0000000000000000     0x214c
 .debug_frame   0x0000000000000000      0x1c4 Drivers/STM32L0xx_HAL_Driver/Src/stm32l0xx_hal.o
 .debug_frame   0x00000000000001c4      0x2bc Drivers/STM32L0xx_HAL_Driver/Src/stm32l0xx_hal_adc.o
 .debug_frame   0x0000000000000480       0xe4 Drivers/STM32L0xx_HAL_Driver/Src/stm32l0xx_hal_cortex.o
 .debug_frame   0x0000000000000564      0x118 Drivers/STM32L0xx_HAL_Driver/Src/stm32l0xx_hal_dma.o
 .debug_frame   0x000000000000067c       0xc8 Drivers/STM32L0xx_HAL_Driver/Src/stm32l0xx_hal_gpio.o
 .debug_frame   0x0000000000000744      0x3c0 Drivers/STM32L0xx_HAL_Driver/Src/stm32l0xx_hal_lptim.o
 .debug_frame   0x0000000000000b04      0x120 Drivers/STM32L0xx_HAL_Driver/Src/stm32l0xx_hal_rcc.o
 .debug_frame   0x0000000000000c24       0xac Drivers/STM32L0xx_HAL_Driver/Src/stm32l0xx_hal_rcc_ex.o
 .debug_frame   0x0000000000000cd0      0x994 Drivers/STM32L0xx_HAL_Driver/Src/stm32l0xx_hal_tim.o
 .debug_frame   0x0000000000001664       0x40 Drivers/STM32L0xx_HAL_Driver/Src/stm32l0xx_hal_tim_ex.o
 .debug_frame   0x00000000000016a4      0x540 Drivers/STM32L0xx_HAL_Driver/Src/stm32l0xx_hal_uart.o
 .debug_frame   0x0000000000001be4      0x104 Drivers/STM32L0xx_HAL_Driver/Src/stm32l0xx_hal_uart_ex.o
 .debug_frame   0x0000000000001ce8       0x58 Src/adc.o
 .debug_frame   0x0000000000001d40       0x30 Src/gpio.o
 .debug_frame   0x0000000000001d70       0x58 Src/lptim.o
 .debug_frame   0x0000000000001dc8       0xc8 Src/main.o
 .debug_frame   0x0000000000001e90       0x28 Src/stm32l0xx_hal_msp.o
 .debug_frame   0x0000000000001eb8       0xc8 Src/stm32l0xx_it.o
 .debug_frame   0x0000000000001f80       0x38 Src/system_stm32l0xx.o
 .debug_frame   0x0000000000001fb8       0x7c Src/tim.o
 .debug_frame   0x0000000000002034       0x70 Src/usart.o
 .debug_frame   0x00000000000020a4       0x20 /home/alex/Ac6/SystemWorkbench/plugins/fr.ac6.mcu.externaltools.arm-none.linux64_1.15.0.201708311556/tools/compiler/bin/../lib/gcc/arm-none-eabi/6.3.1/thumb/v6-m/libgcc.a(_udivsi3.o)
 .debug_frame   0x00000000000020c4       0x20 /home/alex/Ac6/SystemWorkbench/plugins/fr.ac6.mcu.externaltools.arm-none.linux64_1.15.0.201708311556/tools/compiler/bin/../lib/gcc/arm-none-eabi/6.3.1/thumb/v6-m/libgcc.a(_divsi3.o)
 .debug_frame   0x00000000000020e4       0x3c /home/alex/Ac6/SystemWorkbench/plugins/fr.ac6.mcu.externaltools.arm-none.linux64_1.15.0.201708311556/tools/compiler/bin/../lib/gcc/arm-none-eabi/6.3.1/thumb/v6-m/libgcc.a(_udivmoddi4.o)
 .debug_frame   0x0000000000002120       0x2c /home/alex/Ac6/SystemWorkbench/plugins/fr.ac6.mcu.externaltools.arm-none.linux64_1.15.0.201708311556/tools/compiler/bin/../lib/gcc/arm-none-eabi/6.3.1/../../../../arm-none-eabi/lib/thumb/v6-m/libc_nano.a(lib_a-init.o)
